MEX {
	global:
		mexFunction;
		mexfilerequiredapiversion;
		emlrtMexFcnProperties;
		Unit_Root_initialize;
		Unit_Root_terminate;
		Unit_Root_atexit;
		Unit_Root;
		emlrt_marshallOut;
		b_emlrt_marshallOut;
		c_emlrt_marshallOut;
		d_emlrt_marshallOut;
		e_emlrt_marshallOut;
		emlrt_marshallIn;
		b_emlrt_marshallIn;
		c_emlrt_marshallIn;
		d_emlrt_marshallIn;
		f_emlrt_marshallOut;
		g_emlrt_marshallOut;
		h_emlrt_marshallOut;
		i_emlrt_marshallOut;
		j_emlrt_marshallOut;
		k_emlrt_marshallOut;
		l_emlrt_marshallOut;
		format;
		disp;
		clc;
		b_sprintf;
		d_feval;
		i_emlrt_marshallIn;
		j_emlrt_marshallIn;
		div_s32_floor;
		emxEnsureCapacity_real_T;
		emxInit_real_T;
		emxFree_real_T;
		emxEnsureCapacity_int8_T;
		emxInit_int8_T;
		emxFree_int8_T;
		emxInitMatrix_cell_wrap_1;
		emxFreeMatrix_cell_wrap_1;
		emxEnsureCapacity_int32_T;
		emxInit_int32_T;
		emxFree_int32_T;
		emxEnsureCapacity_boolean_T;
		emxInit_creal_T;
		emxFree_creal_T;
		emxInit_boolean_T;
		emxFree_boolean_T;
		emxEnsureCapacity_creal_T;
		emxInitStruct_struct0_T;
		emxFreeStruct_struct0_T;
		emxEnsureCapacity_ptrdiff_t;
		emxInit_ptrdiff_t;
		emxFree_ptrdiff_t;
	local:
		*;
};
